

================================================================
== Vitis HLS Report for 'CnnKernel_YourCode'
================================================================
* Date:           Sun Mar  7 04:37:45 2021

* Version:        2020.1 (Build 2902540 on Wed May 27 20:16:15 MDT 2020)
* Project:        CnnKernel
* Solution:       solution (Vitis Kernel Flow Target)
* Product family: virtexuplus
* Target device:  xcvu9p-flgb2104-2-i


================================================================
== Performance Estimates
================================================================
+ Timing: 
    * Summary: 
    +--------+---------+----------+------------+
    |  Clock |  Target | Estimated| Uncertainty|
    +--------+---------+----------+------------+
    |ap_clk  | 4.00 ns | 3.392 ns |   1.08 ns  |
    +--------+---------+----------+------------+

+ Latency: 
    * Summary: 
    +-------------+-------------+-------------+-------------+-------------+-------------+---------+
    |      Latency (cycles)     |     Latency (absolute)    |          Interval         | Pipeline|
    |     min     |     max     |     min     |     max     |     min     |     max     |   Type  |
    +-------------+-------------+-------------+-------------+-------------+-------------+---------+
    |  42798478439|  42831144039| 171.194 sec | 171.325 sec |  42798478439|  42831144039|   none  |
    +-------------+-------------+-------------+-------------+-------------+-------------+---------+

    + Detail: 
        * Instance: 
        N/A

        * Loop: 
        +-------------------------------------------+-------------+-------------+---------------------------+-----------+-----------+---------+----------+
        |                                           |      Latency (cycles)     |         Iteration         |  Initiation Interval  |   Trip  |          |
        |                 Loop Name                 |     min     |     max     |          Latency          |  achieved |   target  |  Count  | Pipelined|
        +-------------------------------------------+-------------+-------------+---------------------------+-----------+-----------+---------+----------+
        |- read_weight                              |      2355200|      2355200|                         92|          -|          -|    25600|    no    |
        | + VITIS_LOOP_125_1                        |           88|           88|                         26|          1|          1|       64|    yes   |
        |- main_loop_tile_h_main_loop_tile_w        |  42796123168|  42828788768| 10699030792 ~ 10707197192 |          -|          -|        4|    no    |
        | + read_input_VITIS_LOOP_164_1             |       237568|      8403968|          8 ~ 283          |          -|          -|    29696|    no    |
        |  ++ VITIS_LOOP_171_2                      |          206|          206|                        103|          -|          -|        2|    no    |
        |   +++ VITIS_LOOP_176_3                    |           99|           99|                         37|          1|          1|       64|    yes   |
        | + main_loop_i                             |  10695123200|  10695123200|                   41777825|          -|          -|      256|    no    |
        |  ++ set_bias_VITIS_LOOP_47_1              |        12544|        12544|                          1|          1|          1|    12544|    yes   |
        |  ++ conv_VITIS_LOOP_54_2_VITIS_LOOP_55_3  |     41746454|     41746454|                         36|         13|          1|  3211264|    yes   |
        |  ++ relu_VITIS_LOOP_68_6                  |        12544|        12544|                          2|          1|          1|    12544|    yes   |
        |  ++ maxpool_VITIS_LOOP_76_7               |         6274|         6274|                          5|          2|          1|     3136|    yes   |
        | + write_output_VITIS_LOOP_197_1           |      3670019|      3670019|                        256|          -|          -|    14336|    no    |
        |  ++ VITIS_LOOP_204_2                      |          246|          246|                        246|          -|          -|        1|    no    |
        |   +++ VITIS_LOOP_209_3                    |          102|          102|                         39|          1|          1|       64|    yes   |
        +-------------------------------------------+-------------+-------------+---------------------------+-----------+-----------+---------+----------+



================================================================
== Utilization Estimates
================================================================
* Summary: 
+---------------------+---------+------+---------+---------+-----+
|         Name        | BRAM_18K|  DSP |    FF   |   LUT   | URAM|
+---------------------+---------+------+---------+---------+-----+
|DSP                  |        -|    37|        -|        -|    -|
|Expression           |        -|     -|        0|    18487|    -|
|FIFO                 |        -|     -|        -|        -|    -|
|Instance             |        -|     4|        0|      165|    -|
|Memory               |     2889|     -|        0|        0|    -|
|Multiplexer          |        -|     -|        -|     2419|    -|
|Register             |        -|     -|     5642|      352|    -|
+---------------------+---------+------+---------+---------+-----+
|Total                |     2889|    41|     5642|    21423|    0|
+---------------------+---------+------+---------+---------+-----+
|Available SLR        |     1440|  2280|   788160|   394080|  320|
+---------------------+---------+------+---------+---------+-----+
|Utilization SLR (%)  |      200|     1|    ~0   |        5|    0|
+---------------------+---------+------+---------+---------+-----+
|Available            |     4320|  6840|  2364480|  1182240|  960|
+---------------------+---------+------+---------+---------+-----+
|Utilization (%)      |       66|  ~0  |    ~0   |        1|    0|
+---------------------+---------+------+---------+---------+-----+

+ Detail: 
    * Instance: 
    +--------------------------+-----------------------+---------+----+---+----+-----+
    |         Instance         |         Module        | BRAM_18K| DSP| FF| LUT| URAM|
    +--------------------------+-----------------------+---------+----+---+----+-----+
    |mul_14s_2ns_15_1_1_U5     |mul_14s_2ns_15_1_1     |        0|   0|  0|   3|    0|
    |mul_23ns_21ns_43_1_1_U2   |mul_23ns_21ns_43_1_1   |        0|   2|  0|  32|    0|
    |mul_23ns_21ns_43_1_1_U3   |mul_23ns_21ns_43_1_1   |        0|   2|  0|  32|    0|
    |mul_7ns_9ns_15_1_1_U6     |mul_7ns_9ns_15_1_1     |        0|   0|  0|  49|    0|
    |mul_8ns_9ns_16_1_1_U8     |mul_8ns_9ns_16_1_1     |        0|   0|  0|  49|    0|
    |urem_19ns_4ns_19_23_1_U4  |urem_19ns_4ns_19_23_1  |        0|   0|  0|   0|    0|
    |urem_21ns_4ns_21_25_1_U1  |urem_21ns_4ns_21_25_1  |        0|   0|  0|   0|    0|
    |urem_32ns_8ns_7_36_1_U9   |urem_32ns_8ns_7_36_1   |        0|   0|  0|   0|    0|
    |urem_32ns_9ns_8_36_1_U7   |urem_32ns_9ns_8_36_1   |        0|   0|  0|   0|    0|
    +--------------------------+-----------------------+---------+----+---+----+-----+
    |Total                     |                       |        0|   4|  0| 165|    0|
    +--------------------------+-----------------------+---------+----+---+----+-----+

    * DSP: 
    +-----------------------------------+-------------------------------+----------------+
    |              Instance             |             Module            |   Expression   |
    +-----------------------------------+-------------------------------+----------------+
    |am_addmul_17ns_9ns_6ns_23_4_1_U14  |am_addmul_17ns_9ns_6ns_23_4_1  | i0 * (i1 + i2) |
    |mac_muladd_8ns_9ns_8ns_16_4_1_U12  |mac_muladd_8ns_9ns_8ns_16_4_1  |  i0 + i1 * i2  |
    |mac_muladd_8s_8ns_23ns_23_4_1_U19  |mac_muladd_8s_8ns_23ns_23_4_1  |  i0 * i1 + i2  |
    |mac_muladd_8s_8ns_23ns_23_4_1_U20  |mac_muladd_8s_8ns_23ns_23_4_1  |  i0 * i1 + i2  |
    |mac_muladd_8s_8ns_23ns_23_4_1_U21  |mac_muladd_8s_8ns_23ns_23_4_1  |  i0 * i1 + i2  |
    |mac_muladd_8s_8ns_23ns_23_4_1_U22  |mac_muladd_8s_8ns_23ns_23_4_1  |  i0 * i1 + i2  |
    |mac_muladd_8s_8ns_23ns_23_4_1_U23  |mac_muladd_8s_8ns_23ns_23_4_1  |  i0 * i1 + i2  |
    |mac_muladd_8s_8ns_23ns_23_4_1_U24  |mac_muladd_8s_8ns_23ns_23_4_1  |  i0 * i1 + i2  |
    |mac_muladd_8s_8ns_23ns_23_4_1_U25  |mac_muladd_8s_8ns_23ns_23_4_1  |  i0 * i1 + i2  |
    |mac_muladd_8s_8ns_23ns_23_4_1_U26  |mac_muladd_8s_8ns_23ns_23_4_1  |  i0 * i1 + i2  |
    |mac_muladd_8s_8ns_23ns_23_4_1_U27  |mac_muladd_8s_8ns_23ns_23_4_1  |  i0 * i1 + i2  |
    |mac_muladd_8s_8ns_23ns_23_4_1_U28  |mac_muladd_8s_8ns_23ns_23_4_1  |  i0 * i1 + i2  |
    |mac_muladd_8s_8ns_23ns_23_4_1_U30  |mac_muladd_8s_8ns_23ns_23_4_1  |  i0 * i1 + i2  |
    |mac_muladd_8s_8ns_23ns_23_4_1_U31  |mac_muladd_8s_8ns_23ns_23_4_1  |  i0 * i1 + i2  |
    |mac_muladd_8s_8ns_23ns_23_4_1_U32  |mac_muladd_8s_8ns_23ns_23_4_1  |  i0 * i1 + i2  |
    |mac_muladd_8s_8ns_23ns_23_4_1_U33  |mac_muladd_8s_8ns_23ns_23_4_1  |  i0 * i1 + i2  |
    |mac_muladd_8s_8ns_23ns_23_4_1_U34  |mac_muladd_8s_8ns_23ns_23_4_1  |  i0 * i1 + i2  |
    |mac_muladd_8s_8ns_23ns_23_4_1_U35  |mac_muladd_8s_8ns_23ns_23_4_1  |  i0 * i1 + i2  |
    |mac_muladd_8s_8ns_23ns_23_4_1_U36  |mac_muladd_8s_8ns_23ns_23_4_1  |  i0 * i1 + i2  |
    |mac_muladd_8s_8ns_23ns_23_4_1_U37  |mac_muladd_8s_8ns_23ns_23_4_1  |  i0 * i1 + i2  |
    |mac_muladd_8s_8ns_23ns_23_4_1_U38  |mac_muladd_8s_8ns_23ns_23_4_1  |  i0 * i1 + i2  |
    |mac_muladd_8s_8ns_23ns_23_4_1_U39  |mac_muladd_8s_8ns_23ns_23_4_1  |  i0 * i1 + i2  |
    |mac_muladd_8s_8ns_23ns_23_4_1_U40  |mac_muladd_8s_8ns_23ns_23_4_1  |  i0 * i1 + i2  |
    |mac_muladd_8s_8ns_23ns_23_4_1_U41  |mac_muladd_8s_8ns_23ns_23_4_1  |  i0 * i1 + i2  |
    |mac_muladd_8s_8ns_23ns_23_4_1_U42  |mac_muladd_8s_8ns_23ns_23_4_1  |  i0 * i1 + i2  |
    |mac_muladd_8s_8ns_23ns_23_4_1_U43  |mac_muladd_8s_8ns_23ns_23_4_1  |  i0 * i1 + i2  |
    |mac_muladd_8s_8ns_23ns_23_4_1_U44  |mac_muladd_8s_8ns_23ns_23_4_1  |  i0 * i1 + i2  |
    |mac_muladd_9ns_8ns_7ns_16_4_1_U10  |mac_muladd_9ns_8ns_7ns_16_4_1  |  i0 + i1 * i2  |
    |mul_mul_15ns_9ns_22_4_1_U46        |mul_mul_15ns_9ns_22_4_1        |     i0 * i1    |
    |mul_mul_16ns_8ns_22_4_1_U13        |mul_mul_16ns_8ns_22_4_1        |     i0 * i1    |
    |mul_mul_8ns_16ns_22_4_1_U15        |mul_mul_8ns_16ns_22_4_1        |     i0 * i1    |
    |mul_mul_8ns_16ns_22_4_1_U16        |mul_mul_8ns_16ns_22_4_1        |     i0 * i1    |
    |mul_mul_8ns_16ns_22_4_1_U17        |mul_mul_8ns_16ns_22_4_1        |     i0 * i1    |
    |mul_mul_8ns_16ns_22_4_1_U18        |mul_mul_8ns_16ns_22_4_1        |     i0 * i1    |
    |mul_mul_8ns_16ns_22_4_1_U29        |mul_mul_8ns_16ns_22_4_1        |     i0 * i1    |
    |mul_mul_9ns_15ns_22_4_1_U45        |mul_mul_9ns_15ns_22_4_1        |     i0 * i1    |
    |mul_mul_9ns_17ns_24_4_1_U11        |mul_mul_9ns_17ns_24_4_1        |     i0 * i1    |
    +-----------------------------------+-------------------------------+----------------+

    * Memory: 
    +------------+-----------------------------+---------+---+----+-----+---------+-----+------+-------------+
    |   Memory   |            Module           | BRAM_18K| FF| LUT| URAM|  Words  | Bits| Banks| W*Bits*Banks|
    +------------+-----------------------------+---------+---+----+-----+---------+-----+------+-------------+
    |C_V_U       |CnnKernel_YourCode_C_V       |       15|  0|   0|    0|    12544|   17|     1|       213248|
    |input_V_U   |CnnKernel_YourCode_input_V   |     1682|  0|   0|    0|  3444736|    8|     1|     27557888|
    |output_V_U  |CnnKernel_YourCode_output_V  |      392|  0|   0|    0|   802816|    8|     1|      6422528|
    |weight_V_U  |CnnKernel_YourCode_weight_V  |      800|  0|   0|    0|  1638400|    8|     1|     13107200|
    +------------+-----------------------------+---------+---+----+-----+---------+-----+------+-------------+
    |Total       |                             |     2889|  0|   0|    0|  5898496|   41|     4|     47300864|
    +------------+-----------------------------+---------+---+----+-----+---------+-----+------+-------------+

    * FIFO: 
    N/A

    * Expression: 
    +---------------------------+----------+----+---+------+------------+------------+
    |       Variable Name       | Operation| DSP| FF|  LUT | Bitwidth P0| Bitwidth P1|
    +---------------------------+----------+----+---+------+------------+------------+
    |add_ln1118_10_fu_2671_p2   |     +    |   0|  0|    29|          22|          22|
    |add_ln1118_11_fu_2833_p2   |     +    |   0|  0|    29|          22|          22|
    |add_ln1118_12_fu_2951_p2   |     +    |   0|  0|    29|          22|          22|
    |add_ln1118_13_fu_3127_p2   |     +    |   0|  0|    29|          22|          22|
    |add_ln1118_14_fu_3344_p2   |     +    |   0|  0|    29|          22|          22|
    |add_ln1118_15_fu_2718_p2   |     +    |   0|  0|    29|          22|          22|
    |add_ln1118_16_fu_2842_p2   |     +    |   0|  0|    29|          22|          22|
    |add_ln1118_17_fu_3005_p2   |     +    |   0|  0|    29|          22|          22|
    |add_ln1118_18_fu_3136_p2   |     +    |   0|  0|    29|          22|          22|
    |add_ln1118_19_fu_3348_p2   |     +    |   0|  0|    29|          22|          22|
    |add_ln1118_1_fu_2507_p2    |     +    |   0|  0|    23|          16|          16|
    |add_ln1118_20_fu_2737_p2   |     +    |   0|  0|    29|          22|          22|
    |add_ln1118_21_fu_2896_p2   |     +    |   0|  0|    29|          22|          22|
    |add_ln1118_22_fu_3014_p2   |     +    |   0|  0|    29|          22|          22|
    |add_ln1118_23_fu_3192_p2   |     +    |   0|  0|    29|          22|          22|
    |add_ln1118_24_fu_3352_p2   |     +    |   0|  0|    29|          22|          22|
    |add_ln1118_25_fu_2792_p2   |     +    |   0|  0|    29|          22|          22|
    |add_ln1118_26_fu_2909_p2   |     +    |   0|  0|    29|          22|          22|
    |add_ln1118_27_fu_3077_p2   |     +    |   0|  0|    29|          22|          22|
    |add_ln1118_28_fu_3356_p2   |     +    |   0|  0|    29|          22|          22|
    |add_ln1118_29_fu_3360_p2   |     +    |   0|  0|    29|          22|          22|
    |add_ln1118_2_fu_2587_p2    |     +    |   0|  0|    23|          16|          16|
    |add_ln1118_3_fu_2612_p2    |     +    |   0|  0|    23|          16|          16|
    |add_ln1118_4_fu_2637_p2    |     +    |   0|  0|    23|          16|          16|
    |add_ln1118_5_fu_2652_p2    |     +    |   0|  0|    29|          22|          22|
    |add_ln1118_6_fu_2776_p2    |     +    |   0|  0|    29|          22|          22|
    |add_ln1118_7_fu_2942_p2    |     +    |   0|  0|    29|          22|          22|
    |add_ln1118_8_fu_3068_p2    |     +    |   0|  0|    29|          22|          22|
    |add_ln1118_9_fu_3340_p2    |     +    |   0|  0|    29|          22|          22|
    |add_ln1118_fu_2480_p2      |     +    |   0|  0|    23|          16|          16|
    |add_ln122_fu_1450_p2       |     +    |   0|  0|    22|          15|           1|
    |add_ln1495_fu_3835_p2      |     +    |   0|  0|    24|          14|          14|
    |add_ln163_1_fu_1784_p2     |     +    |   0|  0|    22|          15|           1|
    |add_ln163_fu_1790_p2       |     +    |   0|  0|    16|           9|           1|
    |add_ln164_fu_2045_p2       |     +    |   0|  0|    15|           7|           1|
    |add_ln166_1_fu_1857_p2     |     +    |   0|  0|    22|          15|           7|
    |add_ln166_2_fu_1947_p2     |     +    |   0|  0|    71|          64|          64|
    |add_ln166_3_fu_1830_p2     |     +    |   0|  0|    15|           8|           8|
    |add_ln166_4_fu_1866_p2     |     +    |   0|  0|    24|          24|          24|
    |add_ln166_5_fu_1955_p2     |     +    |   0|  0|    31|          24|          24|
    |add_ln166_6_fu_1871_p2     |     +    |   0|  0|    24|          24|          24|
    |add_ln166_7_fu_1886_p2     |     +    |   0|  0|    31|          24|          24|
    |add_ln166_8_fu_1895_p2     |     +    |   0|  0|    32|          25|          25|
    |add_ln166_fu_1764_p2       |     +    |   0|  0|    23|          16|          16|
    |add_ln167_fu_1999_p2       |     +    |   0|  0|    31|          24|           7|
    |add_ln169_fu_1970_p2       |     +    |   0|  0|    31|          24|           7|
    |add_ln171_1_fu_2031_p2     |     +    |   0|  0|    25|          18|           1|
    |add_ln171_2_fu_2173_p2     |     +    |   0|  0|    71|          64|           1|
    |add_ln171_fu_1917_p2       |     +    |   0|  0|    25|          18|           1|
    |add_ln176_fu_2072_p2       |     +    |   0|  0|    15|           7|           1|
    |add_ln178_fu_2086_p2       |     +    |   0|  0|    40|          33|          33|
    |add_ln196_1_fu_4116_p2     |     +    |   0|  0|    21|          14|           1|
    |add_ln196_fu_4138_p2       |     +    |   0|  0|    16|           1|           9|
    |add_ln197_fu_4481_p2       |     +    |   0|  0|    15|           6|           1|
    |add_ln199_1_fu_4231_p2     |     +    |   0|  0|    30|          23|          23|
    |add_ln199_fu_4192_p2       |     +    |   0|  0|    15|           7|           7|
    |add_ln200_fu_4325_p2       |     +    |   0|  0|    30|           6|          23|
    |add_ln202_fu_4369_p2       |     +    |   0|  0|    30|           6|          23|
    |add_ln204_1_fu_4743_p2     |     +    |   0|  0|    71|          64|           1|
    |add_ln204_fu_4441_p2       |     +    |   0|  0|    26|           1|          19|
    |add_ln205_1_fu_1569_p2     |     +    |   0|  0|    24|          32|          32|
    |add_ln205_2_fu_1591_p2     |     +    |   0|  0|    24|          21|          21|
    |add_ln205_3_fu_1597_p2     |     +    |   0|  0|    24|          21|          21|
    |add_ln205_4_fu_2320_p2     |     +    |   0|  0|    24|          14|          14|
    |add_ln205_fu_1559_p2       |     +    |   0|  0|    24|          32|          32|
    |add_ln207_fu_4466_p2       |     +    |   0|  0|    71|          64|          64|
    |add_ln211_fu_4532_p2       |     +    |   0|  0|    40|          33|          33|
    |add_ln214_1_fu_4588_p2     |     +    |   0|  0|    27|          20|          20|
    |add_ln214_fu_4290_p2       |     +    |   0|  0|    24|          17|          17|
    |add_ln28_1_fu_1640_p2      |     +    |   0|  0|     9|           1|           2|
    |add_ln28_2_fu_1634_p2      |     +    |   0|  0|    11|           3|           1|
    |add_ln28_fu_1660_p2        |     +    |   0|  0|    15|           7|           8|
    |add_ln31_1_fu_4133_p2      |     +    |   0|  0|     9|           2|           1|
    |add_ln31_fu_4128_p2        |     +    |   0|  0|    15|           8|           7|
    |add_ln359_1_fu_2163_p2     |     +    |   0|  0|    29|          22|          22|
    |add_ln359_2_fu_4039_p2     |     +    |   0|  0|    24|          17|          17|
    |add_ln359_3_fu_4073_p2     |     +    |   0|  0|    24|          20|          20|
    |add_ln37_fu_2185_p2        |     +    |   0|  0|    16|           9|           1|
    |add_ln46_1_fu_2256_p2      |     +    |   0|  0|    21|          14|           1|
    |add_ln46_fu_2262_p2        |     +    |   0|  0|    15|           7|           1|
    |add_ln47_fu_2331_p2        |     +    |   0|  0|    15|           7|           1|
    |add_ln53_10_fu_2932_p2     |     +    |   0|  0|    28|           4|          21|
    |add_ln53_11_fu_2985_p2     |     +    |   0|  0|    28|           4|          21|
    |add_ln53_12_fu_2995_p2     |     +    |   0|  0|    28|           4|          21|
    |add_ln53_13_fu_3048_p2     |     +    |   0|  0|    28|           4|          21|
    |add_ln53_14_fu_3058_p2     |     +    |   0|  0|    28|           4|          21|
    |add_ln53_15_fu_3107_p2     |     +    |   0|  0|    28|           4|          21|
    |add_ln53_16_fu_3117_p2     |     +    |   0|  0|    28|           5|          21|
    |add_ln53_17_fu_3172_p2     |     +    |   0|  0|    28|           5|          21|
    |add_ln53_18_fu_3182_p2     |     +    |   0|  0|    28|           5|          21|
    |add_ln53_19_fu_3225_p2     |     +    |   0|  0|    28|           5|          21|
    |add_ln53_1_fu_2685_p2      |     +    |   0|  0|    28|           1|          21|
    |add_ln53_20_fu_3540_p2     |     +    |   0|  0|    28|           5|          21|
    |add_ln53_21_fu_3575_p2     |     +    |   0|  0|    28|           5|          21|
    |add_ln53_22_fu_3585_p2     |     +    |   0|  0|    28|           5|          21|
    |add_ln53_23_fu_3611_p2     |     +    |   0|  0|    28|           5|          21|
    |add_ln53_24_fu_3621_p2     |     +    |   0|  0|    28|           5|          21|
    |add_ln53_25_fu_2343_p2     |     +    |   0|  0|    29|          22|           1|
    |add_ln53_2_fu_2695_p2      |     +    |   0|  0|    28|           2|          21|
    |add_ln53_3_fu_2756_p2      |     +    |   0|  0|    28|           2|          21|
    |add_ln53_4_fu_2766_p2      |     +    |   0|  0|    28|           3|          21|
    |add_ln53_5_fu_2806_p2      |     +    |   0|  0|    28|           3|          21|
    |add_ln53_6_fu_2816_p2      |     +    |   0|  0|    28|           3|          21|
    |add_ln53_7_fu_2859_p2      |     +    |   0|  0|    28|           3|          21|
    |add_ln53_8_fu_2869_p2      |     +    |   0|  0|    28|           4|          21|
    |add_ln53_9_fu_2922_p2      |     +    |   0|  0|    28|           4|          21|
    |add_ln53_fu_2349_p2        |     +    |   0|  0|    16|           1|           9|
    |add_ln54_fu_2377_p2        |     +    |   0|  0|    21|           1|          14|
    |add_ln59_1_fu_2709_p2      |     +    |   0|  0|    15|           2|           7|
    |add_ln59_2_fu_2728_p2      |     +    |   0|  0|    15|           2|           7|
    |add_ln59_3_fu_2747_p2      |     +    |   0|  0|    15|           3|           7|
    |add_ln59_fu_2662_p2        |     +    |   0|  0|    15|           1|           7|
    |add_ln67_1_fu_3771_p2      |     +    |   0|  0|    21|          14|           1|
    |add_ln67_fu_3777_p2        |     +    |   0|  0|    15|           7|           1|
    |add_ln68_fu_3846_p2        |     +    |   0|  0|    15|           7|           1|
    |add_ln75_1_fu_3866_p2      |     +    |   0|  0|    19|          12|           1|
    |add_ln75_fu_3872_p2        |     +    |   0|  0|    15|           1|           6|
    |add_ln76_fu_4018_p2        |     +    |   0|  0|    15|           1|           6|
    |add_ln78_1_fu_3985_p2      |     +    |   0|  0|    21|          14|          14|
    |add_ln78_fu_3974_p2        |     +    |   0|  0|    21|          14|          14|
    |add_ln79_1_fu_4012_p2      |     +    |   0|  0|    21|          14|          14|
    |add_ln79_fu_4006_p2        |     +    |   0|  0|    21|          14|          14|
    |empty_122_fu_2383_p2       |     +    |   0|  0|    15|           7|           1|
    |empty_123_fu_2532_p2       |     +    |   0|  0|    15|           7|           2|
    |empty_124_fu_2538_p2       |     +    |   0|  0|    15|           7|           2|
    |empty_125_fu_2544_p2       |     +    |   0|  0|    15|           7|           3|
    |empty_127_fu_2521_p2       |     +    |   0|  0|    24|          14|          14|
    |grp_fu_1485_p0             |     +    |   0|  0|    28|          21|          21|
    |item_1_fu_1470_p2          |     +    |   0|  0|    15|           7|           1|
    |item_4_fu_4518_p2          |     +    |   0|  0|    15|           7|           1|
    |p_dup_fu_2425_p2           |     +    |   0|  0|    15|           1|           7|
    |p_mid163_fu_2490_p2        |     +    |   0|  0|    15|           2|           7|
    |p_mid165_fu_2571_p2        |     +    |   0|  0|    15|           2|           7|
    |p_mid167_fu_2596_p2        |     +    |   0|  0|    15|           3|           7|
    |p_mid169_fu_2621_p2        |     +    |   0|  0|    15|           3|           7|
    |empty_126_fu_2474_p2       |     -    |   0|  0|    24|          14|          14|
    |sub_ln1495_fu_3825_p2      |     -    |   0|  0|    24|          14|          14|
    |sub_ln163_fu_1750_p2       |     -    |   0|  0|    16|           9|           9|
    |sub_ln171_fu_1926_p2       |     -    |   0|  0|    34|          27|          27|
    |sub_ln182_fu_2154_p2       |     -    |   0|  0|    16|           9|           9|
    |sub_ln199_fu_4221_p2       |     -    |   0|  0|    22|          15|          15|
    |sub_ln201_1_fu_4353_p2     |     -    |   0|  0|    25|           1|          18|
    |sub_ln201_fu_4334_p2       |     -    |   0|  0|    30|           1|          23|
    |sub_ln202_1_fu_4401_p2     |     -    |   0|  0|    25|           1|          18|
    |sub_ln202_fu_4382_p2       |     -    |   0|  0|    30|           7|          23|
    |sub_ln205_fu_2310_p2       |     -    |   0|  0|    24|          14|          14|
    |sub_ln214_1_fu_4277_p2     |     -    |   0|  0|    23|          16|          16|
    |sub_ln214_2_fu_4316_p2     |     -    |   0|  0|    27|          20|          20|
    |sub_ln214_fu_4579_p2       |     -    |   0|  0|    15|           8|           8|
    |sub_ln359_1_fu_4064_p2     |     -    |   0|  0|    24|          20|          20|
    |sub_ln359_fu_2215_p2       |     -    |   0|  0|    23|          16|          16|
    |sub_ln78_1_fu_3957_p2      |     -    |   0|  0|    21|          14|          14|
    |sub_ln78_fu_3925_p2        |     -    |   0|  0|    21|          14|          14|
    |and_ln179_fu_2107_p2       |    and   |   0|  0|     2|           1|           1|
    |and_ln212_fu_4553_p2       |    and   |   0|  0|     2|           1|           1|
    |and_ln414_1_fu_4724_p2     |    and   |   0|  0|   511|         512|         512|
    |and_ln414_2_fu_4730_p2     |    and   |   0|  0|   511|         512|         512|
    |and_ln414_fu_4712_p2       |    and   |   0|  0|   511|         512|         512|
    |and_ln53_fu_2419_p2        |    and   |   0|  0|     2|           1|           1|
    |ap_block_state108_io       |    and   |   0|  0|     2|           1|           1|
    |grp_fu_1364_p2             |   icmp   |   0|  0|    20|          17|          17|
    |icmp_ln122_fu_1444_p2      |   icmp   |   0|  0|    13|          15|          14|
    |icmp_ln125_fu_1464_p2      |   icmp   |   0|  0|    11|           7|           8|
    |icmp_ln1494_2_fu_4031_p2   |   icmp   |   0|  0|    20|          17|          17|
    |icmp_ln163_fu_1778_p2      |   icmp   |   0|  0|    13|          15|          13|
    |icmp_ln164_fu_1796_p2      |   icmp   |   0|  0|    11|           7|           5|
    |icmp_ln171_1_fu_2040_p2    |   icmp   |   0|  0|    29|          64|          64|
    |icmp_ln171_fu_1986_p2      |   icmp   |   0|  0|    20|          18|          18|
    |icmp_ln176_fu_2066_p2      |   icmp   |   0|  0|    11|           7|           8|
    |icmp_ln179_1_fu_2096_p2    |   icmp   |   0|  0|    21|          33|          33|
    |icmp_ln179_fu_2091_p2      |   icmp   |   0|  0|    21|          33|          33|
    |icmp_ln196_fu_4110_p2      |   icmp   |   0|  0|    13|          14|          13|
    |icmp_ln197_fu_4122_p2      |   icmp   |   0|  0|    11|           6|           5|
    |icmp_ln204_fu_4455_p2      |   icmp   |   0|  0|    29|          64|          64|
    |icmp_ln209_fu_4512_p2      |   icmp   |   0|  0|    11|           7|           8|
    |icmp_ln212_1_fu_4542_p2    |   icmp   |   0|  0|    21|          33|          33|
    |icmp_ln212_fu_4537_p2      |   icmp   |   0|  0|    21|          33|          33|
    |icmp_ln28_fu_1628_p2       |   icmp   |   0|  0|     9|           3|           4|
    |icmp_ln31_fu_1646_p2       |   icmp   |   0|  0|     9|           2|           3|
    |icmp_ln37_fu_2179_p2       |   icmp   |   0|  0|    13|           9|          10|
    |icmp_ln414_fu_4614_p2      |   icmp   |   0|  0|    13|           9|           9|
    |icmp_ln46_fu_2250_p2       |   icmp   |   0|  0|    13|          14|          13|
    |icmp_ln47_fu_2268_p2       |   icmp   |   0|  0|    11|           7|           6|
    |icmp_ln53_fu_2337_p2       |   icmp   |   0|  0|    20|          22|          21|
    |icmp_ln54_fu_2355_p2       |   icmp   |   0|  0|    13|          14|          13|
    |icmp_ln55_fu_2413_p2       |   icmp   |   0|  0|    11|           7|           6|
    |icmp_ln67_fu_3765_p2       |   icmp   |   0|  0|    13|          14|          13|
    |icmp_ln68_fu_3783_p2       |   icmp   |   0|  0|    11|           7|           6|
    |icmp_ln75_fu_3860_p2       |   icmp   |   0|  0|    13|          12|          11|
    |icmp_ln76_fu_3878_p2       |   icmp   |   0|  0|    11|           6|           5|
    |lshr_ln414_fu_4706_p2      |   lshr   |   0|  0|  2171|           2|         512|
    |p_Val2_1_fu_2144_p2        |   lshr   |   0|  0|  2171|         512|         512|
    |p_Val2_s_fu_1614_p2        |   lshr   |   0|  0|  2171|         512|         512|
    |or_ln215_fu_4605_p2        |    or    |   0|  0|     9|           9|           3|
    |or_ln54_fu_2430_p2         |    or    |   0|  0|     2|           1|           1|
    |or_ln75_fu_3931_p2         |    or    |   0|  0|     7|           7|           1|
    |or_ln79_fu_3996_p2         |    or    |   0|  0|     7|           7|           1|
    |p_Result_s_fu_4736_p2      |    or    |   0|  0|   511|         512|         512|
    |grp_fu_1370_p3             |  select  |   0|  0|    17|           1|          17|
    |output_V_d0                |  select  |   0|  0|     8|           1|           8|
    |select_ln163_1_fu_1810_p3  |  select  |   0|  0|     9|           1|           9|
    |select_ln163_fu_1802_p3    |  select  |   0|  0|     7|           1|           1|
    |select_ln196_1_fu_4144_p3  |  select  |   0|  0|     9|           1|           9|
    |select_ln196_2_fu_4178_p3  |  select  |   0|  0|    22|           1|          22|
    |select_ln196_fu_4155_p3    |  select  |   0|  0|     6|           1|           1|
    |select_ln202_fu_4421_p3    |  select  |   0|  0|    18|           1|          18|
    |select_ln28_1_fu_1673_p3   |  select  |   0|  0|     8|           1|           1|
    |select_ln28_2_fu_1652_p3   |  select  |   0|  0|     2|           1|           2|
    |select_ln28_3_fu_1693_p3   |  select  |   0|  0|     8|           1|           8|
    |select_ln28_fu_1666_p3     |  select  |   0|  0|     2|           1|           1|
    |select_ln414_1_fu_4642_p3  |  select  |   0|  0|    10|           1|          10|
    |select_ln414_2_fu_4650_p3  |  select  |   0|  0|    10|           1|          10|
    |select_ln414_3_fu_4692_p3  |  select  |   0|  0|   428|           1|         512|
    |select_ln414_fu_4634_p3    |  select  |   0|  0|    10|           1|          10|
    |select_ln46_1_fu_2282_p3   |  select  |   0|  0|     7|           1|           7|
    |select_ln46_fu_2274_p3     |  select  |   0|  0|     7|           1|           1|
    |select_ln53_1_fu_2369_p3   |  select  |   0|  0|     9|           1|           9|
    |select_ln53_2_fu_2401_p3   |  select  |   0|  0|     7|           1|           1|
    |select_ln53_3_fu_2550_p3   |  select  |   0|  0|     7|           1|           2|
    |select_ln53_4_fu_2557_p3   |  select  |   0|  0|     7|           1|           2|
    |select_ln53_5_fu_2564_p3   |  select  |   0|  0|     7|           1|           3|
    |select_ln53_fu_2361_p3     |  select  |   0|  0|     7|           1|           1|
    |select_ln54_1_fu_2443_p3   |  select  |   0|  0|     7|           1|           7|
    |select_ln54_2_fu_2495_p3   |  select  |   0|  0|     7|           1|           7|
    |select_ln54_3_fu_2576_p3   |  select  |   0|  0|     7|           1|           7|
    |select_ln54_4_fu_2601_p3   |  select  |   0|  0|     7|           1|           7|
    |select_ln54_5_fu_2626_p3   |  select  |   0|  0|     7|           1|           7|
    |select_ln54_6_fu_3162_p3   |  select  |   0|  0|    14|           1|           1|
    |select_ln54_fu_2435_p3     |  select  |   0|  0|     7|           1|           1|
    |select_ln67_1_fu_3797_p3   |  select  |   0|  0|     7|           1|           7|
    |select_ln67_fu_3789_p3     |  select  |   0|  0|     7|           1|           1|
    |select_ln75_1_fu_3892_p3   |  select  |   0|  0|     6|           1|           6|
    |select_ln75_fu_3884_p3     |  select  |   0|  0|     6|           1|           1|
    |start_2_fu_4362_p3         |  select  |   0|  0|    18|           1|          18|
    |shl_ln414_1_fu_4700_p2     |    shl   |   0|  0|  2171|           2|         512|
    |shl_ln414_fu_4676_p2       |    shl   |   0|  0|  2171|         512|         512|
    |ap_enable_pp0              |    xor   |   0|  0|     2|           1|           2|
    |ap_enable_pp1              |    xor   |   0|  0|     2|           1|           2|
    |ap_enable_pp3              |    xor   |   0|  0|     2|           1|           2|
    |ap_enable_pp4              |    xor   |   0|  0|     2|           1|           2|
    |ap_enable_pp5              |    xor   |   0|  0|     2|           1|           2|
    |ap_enable_pp6              |    xor   |   0|  0|     2|           1|           2|
    |ap_enable_reg_pp0_iter1    |    xor   |   0|  0|     2|           2|           1|
    |ap_enable_reg_pp1_iter1    |    xor   |   0|  0|     2|           2|           1|
    |ap_enable_reg_pp4_iter1    |    xor   |   0|  0|     2|           2|           1|
    |xor_ln179_fu_2101_p2       |    xor   |   0|  0|     2|           1|           2|
    |xor_ln212_fu_4547_p2       |    xor   |   0|  0|     2|           1|           2|
    |xor_ln414_1_fu_4658_p2     |    xor   |   0|  0|    10|          10|           9|
    |xor_ln414_2_fu_4718_p2     |    xor   |   0|  0|   511|           2|         512|
    |xor_ln414_fu_4628_p2       |    xor   |   0|  0|    10|          10|           9|
    |xor_ln53_fu_2408_p2        |    xor   |   0|  0|     2|           1|           2|
    +---------------------------+----------+----+---+------+------------+------------+
    |Total                      |          |   0|  0| 18487|        6338|        8768|
    +---------------------------+----------+----+---+------+------------+------------+

    * Multiplexer: 
    +---------------------------------------------+------+-----------+-----+-----------+
    |                     Name                    |  LUT | Input Size| Bits| Total Bits|
    +---------------------------------------------+------+-----------+-----+-----------+
    |C_V_address0                                 |    38|          7|   14|         98|
    |C_V_address1                                 |    21|          4|   14|         56|
    |C_V_d0                                       |    15|          3|   17|         51|
    |ap_NS_fsm                                    |  1473|        332|    1|        332|
    |ap_enable_reg_pp0_iter1                      |     9|          2|    1|          2|
    |ap_enable_reg_pp0_iter25                     |     9|          2|    1|          2|
    |ap_enable_reg_pp1_iter1                      |     9|          2|    1|          2|
    |ap_enable_reg_pp1_iter36                     |     9|          2|    1|          2|
    |ap_enable_reg_pp3_iter2                      |     9|          2|    1|          2|
    |ap_enable_reg_pp4_iter1                      |    15|          3|    1|          3|
    |ap_enable_reg_pp5_iter2                      |     9|          2|    1|          2|
    |ap_enable_reg_pp6_iter38                     |     9|          2|    1|          2|
    |ap_phi_mux_empty_129_phi_fu_1356_p4          |    15|          3|  512|       1536|
    |ap_phi_mux_h_3_phi_fu_1234_p4                |     9|          2|    7|         14|
    |ap_phi_mux_h_4_phi_fu_1200_p4                |     9|          2|    7|         14|
    |ap_phi_mux_h_5_phi_fu_1267_p4                |     9|          2|    6|         12|
    |ap_phi_mux_indvar_flatten126_phi_fu_1167_p4  |     9|          2|   22|         44|
    |ap_phi_mux_indvar_flatten146_phi_fu_1256_p4  |     9|          2|   12|         24|
    |ap_phi_mux_indvar_flatten71_phi_fu_1189_p4   |     9|          2|   14|         28|
    |ap_phi_mux_j_1_phi_fu_1178_p4                |     9|          2|    9|         18|
    |ap_phi_mux_w_1_phi_fu_1212_p4                |     9|          2|    7|         14|
    |ap_phi_mux_w_5_phi_fu_1278_p4                |     9|          2|    6|         12|
    |gmem_blk_n_AR                                |     9|          2|    1|          2|
    |gmem_blk_n_AW                                |     9|          2|    1|          2|
    |gmem_blk_n_B                                 |     9|          2|    1|          2|
    |gmem_blk_n_R                                 |     9|          2|    1|          2|
    |gmem_blk_n_W                                 |     9|          2|    1|          2|
    |h_1_reg_1141                                 |     9|          2|    7|         14|
    |h_2_reg_1308                                 |     9|          2|    6|         12|
    |h_3_reg_1230                                 |     9|          2|    7|         14|
    |h_4_reg_1196                                 |     9|          2|    7|         14|
    |h_5_reg_1263                                 |     9|          2|    6|         12|
    |h_reg_1087                                   |     9|          2|    7|         14|
    |hh_reg_1029                                  |     9|          2|    8|         16|
    |i_1_reg_1285                                 |     9|          2|    9|         18|
    |i_reg_1119                                   |     9|          2|    9|         18|
    |idx_1_reg_1098                               |     9|          2|   64|        128|
    |idx_3_reg_1320                               |     9|          2|   64|        128|
    |idx_reg_984                                  |     9|          2|   15|         30|
    |indvar452_reg_1041                           |     9|          2|    2|          4|
    |indvar_flatten126_reg_1163                   |     9|          2|   22|         44|
    |indvar_flatten133_reg_1219                   |     9|          2|   14|         28|
    |indvar_flatten146_reg_1252                   |     9|          2|   12|         24|
    |indvar_flatten155_reg_1297                   |     9|          2|   14|         28|
    |indvar_flatten169_reg_1007                   |     9|          2|    3|          6|
    |indvar_flatten53_reg_1130                    |     9|          2|   14|         28|
    |indvar_flatten71_reg_1185                    |     9|          2|   14|         28|
    |indvar_flatten_reg_1065                      |     9|          2|   15|         30|
    |indvar_reg_1018                              |     9|          2|    2|          4|
    |input_V_address0                             |    59|         14|   22|        308|
    |input_V_address1                             |    59|         14|   22|        308|
    |item_2_reg_1108                              |     9|          2|    7|         14|
    |item_3_reg_1330                              |     9|          2|    7|         14|
    |item_reg_996                                 |     9|          2|    7|         14|
    |j_1_reg_1174                                 |     9|          2|    9|         18|
    |j_reg_1076                                   |     9|          2|    9|         18|
    |m_axi_gmem_ARADDR                            |    21|          4|   64|        256|
    |m_axi_gmem_ARLEN                             |    21|          4|   32|        128|
    |output_V_address0                            |    15|          3|   20|         60|
    |p_Val2_2_reg_1341                            |     9|          2|  512|       1024|
    |reg_1388                                     |     9|          2|    8|         16|
    |reg_1393                                     |     9|          2|    8|         16|
    |reg_1398                                     |     9|          2|    8|         16|
    |reg_1403                                     |     9|          2|    8|         16|
    |reg_1408                                     |     9|          2|    8|         16|
    |reg_1413                                     |     9|          2|    8|         16|
    |reg_1418                                     |     9|          2|    8|         16|
    |w_1_reg_1208                                 |     9|          2|    7|         14|
    |w_2_reg_1241                                 |     9|          2|    7|         14|
    |w_5_reg_1274                                 |     9|          2|    6|         12|
    |w_reg_1152                                   |     9|          2|    7|         14|
    |weight_V_address0                            |    59|         14|   21|        294|
    |weight_V_address1                            |    59|         14|   21|        294|
    |ww_reg_1053                                  |     9|          2|    8|         16|
    +---------------------------------------------+------+-----------+-----+-----------+
    |Total                                        |  2419|        541| 1826|       5854|
    +---------------------------------------------+------+-----------+-----+-----------+

    * Register: 
    +-------------------------------------------------+-----+----+-----+-----------+
    |                       Name                      |  FF | LUT| Bits| Const Bits|
    +-------------------------------------------------+-----+----+-----+-----------+
    |C_V_addr_1_reg_6439                              |   14|   0|   14|          0|
    |C_V_addr_2_reg_5523                              |   14|   0|   14|          0|
    |C_V_load_1_reg_5543                              |   17|   0|   17|          0|
    |add_ln1118_14_reg_6155                           |   22|   0|   22|          0|
    |add_ln1118_19_reg_6160                           |   22|   0|   22|          0|
    |add_ln1118_24_reg_6165                           |   22|   0|   22|          0|
    |add_ln1118_28_reg_6170                           |   22|   0|   22|          0|
    |add_ln1118_29_reg_6175                           |   22|   0|   22|          0|
    |add_ln1118_4_reg_5538                            |   16|   0|   16|          0|
    |add_ln1118_4_reg_5538_pp3_iter1_reg              |   16|   0|   16|          0|
    |add_ln1118_9_reg_6150                            |   22|   0|   22|          0|
    |add_ln122_reg_5083                               |   15|   0|   15|          0|
    |add_ln163_1_reg_5204                             |   15|   0|   15|          0|
    |add_ln166_2_reg_5278                             |   64|   0|   64|          0|
    |add_ln166_5_reg_5283                             |   24|   0|   24|          0|
    |add_ln166_9_reg_5268                             |   16|   0|   16|          0|
    |add_ln167_cast_reg_5318                          |   24|   0|   33|          9|
    |add_ln196_1_reg_6546                             |   14|   0|   14|          0|
    |add_ln199_1_reg_6586                             |   23|   0|   23|          0|
    |add_ln204_1_reg_6703                             |   64|   0|   64|          0|
    |add_ln205_3_reg_5133                             |   21|   0|   21|          0|
    |add_ln28_2_reg_5141                              |    3|   0|    3|          0|
    |add_ln37_reg_5399                                |    9|   0|    9|          0|
    |add_ln53_25_reg_5447                             |   22|   0|   22|          0|
    |add_ln54_reg_5480                                |   14|   0|   14|          0|
    |add_ln59_3_reg_5692                              |    7|   0|    7|          0|
    |add_ln59_reg_5610                                |    7|   0|    7|          0|
    |add_ln75_1_reg_6457                              |   12|   0|   12|          0|
    |add_ln76_reg_6498                                |    6|   0|    6|          0|
    |add_ln79_1_reg_6493                              |   13|   0|   14|          1|
    |add_ln79_reg_6488                                |   13|   0|   14|          1|
    |and_ln179_reg_5376                               |    1|   0|    1|          0|
    |and_ln212_reg_6679                               |    1|   0|    1|          0|
    |and_ln53_reg_5492                                |    1|   0|    1|          0|
    |ap_CS_fsm                                        |  331|   0|  331|          0|
    |ap_enable_reg_pp0_iter0                          |    1|   0|    1|          0|
    |ap_enable_reg_pp0_iter1                          |    1|   0|    1|          0|
    |ap_enable_reg_pp0_iter10                         |    1|   0|    1|          0|
    |ap_enable_reg_pp0_iter11                         |    1|   0|    1|          0|
    |ap_enable_reg_pp0_iter12                         |    1|   0|    1|          0|
    |ap_enable_reg_pp0_iter13                         |    1|   0|    1|          0|
    |ap_enable_reg_pp0_iter14                         |    1|   0|    1|          0|
    |ap_enable_reg_pp0_iter15                         |    1|   0|    1|          0|
    |ap_enable_reg_pp0_iter16                         |    1|   0|    1|          0|
    |ap_enable_reg_pp0_iter17                         |    1|   0|    1|          0|
    |ap_enable_reg_pp0_iter18                         |    1|   0|    1|          0|
    |ap_enable_reg_pp0_iter19                         |    1|   0|    1|          0|
    |ap_enable_reg_pp0_iter2                          |    1|   0|    1|          0|
    |ap_enable_reg_pp0_iter20                         |    1|   0|    1|          0|
    |ap_enable_reg_pp0_iter21                         |    1|   0|    1|          0|
    |ap_enable_reg_pp0_iter22                         |    1|   0|    1|          0|
    |ap_enable_reg_pp0_iter23                         |    1|   0|    1|          0|
    |ap_enable_reg_pp0_iter24                         |    1|   0|    1|          0|
    |ap_enable_reg_pp0_iter25                         |    1|   0|    1|          0|
    |ap_enable_reg_pp0_iter3                          |    1|   0|    1|          0|
    |ap_enable_reg_pp0_iter4                          |    1|   0|    1|          0|
    |ap_enable_reg_pp0_iter5                          |    1|   0|    1|          0|
    |ap_enable_reg_pp0_iter6                          |    1|   0|    1|          0|
    |ap_enable_reg_pp0_iter7                          |    1|   0|    1|          0|
    |ap_enable_reg_pp0_iter8                          |    1|   0|    1|          0|
    |ap_enable_reg_pp0_iter9                          |    1|   0|    1|          0|
    |ap_enable_reg_pp1_iter0                          |    1|   0|    1|          0|
    |ap_enable_reg_pp1_iter1                          |    1|   0|    1|          0|
    |ap_enable_reg_pp1_iter10                         |    1|   0|    1|          0|
    |ap_enable_reg_pp1_iter11                         |    1|   0|    1|          0|
    |ap_enable_reg_pp1_iter12                         |    1|   0|    1|          0|
    |ap_enable_reg_pp1_iter13                         |    1|   0|    1|          0|
    |ap_enable_reg_pp1_iter14                         |    1|   0|    1|          0|
    |ap_enable_reg_pp1_iter15                         |    1|   0|    1|          0|
    |ap_enable_reg_pp1_iter16                         |    1|   0|    1|          0|
    |ap_enable_reg_pp1_iter17                         |    1|   0|    1|          0|
    |ap_enable_reg_pp1_iter18                         |    1|   0|    1|          0|
    |ap_enable_reg_pp1_iter19                         |    1|   0|    1|          0|
    |ap_enable_reg_pp1_iter2                          |    1|   0|    1|          0|
    |ap_enable_reg_pp1_iter20                         |    1|   0|    1|          0|
    |ap_enable_reg_pp1_iter21                         |    1|   0|    1|          0|
    |ap_enable_reg_pp1_iter22                         |    1|   0|    1|          0|
    |ap_enable_reg_pp1_iter23                         |    1|   0|    1|          0|
    |ap_enable_reg_pp1_iter24                         |    1|   0|    1|          0|
    |ap_enable_reg_pp1_iter25                         |    1|   0|    1|          0|
    |ap_enable_reg_pp1_iter26                         |    1|   0|    1|          0|
    |ap_enable_reg_pp1_iter27                         |    1|   0|    1|          0|
    |ap_enable_reg_pp1_iter28                         |    1|   0|    1|          0|
    |ap_enable_reg_pp1_iter29                         |    1|   0|    1|          0|
    |ap_enable_reg_pp1_iter3                          |    1|   0|    1|          0|
    |ap_enable_reg_pp1_iter30                         |    1|   0|    1|          0|
    |ap_enable_reg_pp1_iter31                         |    1|   0|    1|          0|
    |ap_enable_reg_pp1_iter32                         |    1|   0|    1|          0|
    |ap_enable_reg_pp1_iter33                         |    1|   0|    1|          0|
    |ap_enable_reg_pp1_iter34                         |    1|   0|    1|          0|
    |ap_enable_reg_pp1_iter35                         |    1|   0|    1|          0|
    |ap_enable_reg_pp1_iter36                         |    1|   0|    1|          0|
    |ap_enable_reg_pp1_iter4                          |    1|   0|    1|          0|
    |ap_enable_reg_pp1_iter5                          |    1|   0|    1|          0|
    |ap_enable_reg_pp1_iter6                          |    1|   0|    1|          0|
    |ap_enable_reg_pp1_iter7                          |    1|   0|    1|          0|
    |ap_enable_reg_pp1_iter8                          |    1|   0|    1|          0|
    |ap_enable_reg_pp1_iter9                          |    1|   0|    1|          0|
    |ap_enable_reg_pp3_iter0                          |    1|   0|    1|          0|
    |ap_enable_reg_pp3_iter1                          |    1|   0|    1|          0|
    |ap_enable_reg_pp3_iter2                          |    1|   0|    1|          0|
    |ap_enable_reg_pp4_iter0                          |    1|   0|    1|          0|
    |ap_enable_reg_pp4_iter1                          |    1|   0|    1|          0|
    |ap_enable_reg_pp5_iter0                          |    1|   0|    1|          0|
    |ap_enable_reg_pp5_iter1                          |    1|   0|    1|          0|
    |ap_enable_reg_pp5_iter2                          |    1|   0|    1|          0|
    |ap_enable_reg_pp6_iter0                          |    1|   0|    1|          0|
    |ap_enable_reg_pp6_iter1                          |    1|   0|    1|          0|
    |ap_enable_reg_pp6_iter10                         |    1|   0|    1|          0|
    |ap_enable_reg_pp6_iter11                         |    1|   0|    1|          0|
    |ap_enable_reg_pp6_iter12                         |    1|   0|    1|          0|
    |ap_enable_reg_pp6_iter13                         |    1|   0|    1|          0|
    |ap_enable_reg_pp6_iter14                         |    1|   0|    1|          0|
    |ap_enable_reg_pp6_iter15                         |    1|   0|    1|          0|
    |ap_enable_reg_pp6_iter16                         |    1|   0|    1|          0|
    |ap_enable_reg_pp6_iter17                         |    1|   0|    1|          0|
    |ap_enable_reg_pp6_iter18                         |    1|   0|    1|          0|
    |ap_enable_reg_pp6_iter19                         |    1|   0|    1|          0|
    |ap_enable_reg_pp6_iter2                          |    1|   0|    1|          0|
    |ap_enable_reg_pp6_iter20                         |    1|   0|    1|          0|
    |ap_enable_reg_pp6_iter21                         |    1|   0|    1|          0|
    |ap_enable_reg_pp6_iter22                         |    1|   0|    1|          0|
    |ap_enable_reg_pp6_iter23                         |    1|   0|    1|          0|
    |ap_enable_reg_pp6_iter24                         |    1|   0|    1|          0|
    |ap_enable_reg_pp6_iter25                         |    1|   0|    1|          0|
    |ap_enable_reg_pp6_iter26                         |    1|   0|    1|          0|
    |ap_enable_reg_pp6_iter27                         |    1|   0|    1|          0|
    |ap_enable_reg_pp6_iter28                         |    1|   0|    1|          0|
    |ap_enable_reg_pp6_iter29                         |    1|   0|    1|          0|
    |ap_enable_reg_pp6_iter3                          |    1|   0|    1|          0|
    |ap_enable_reg_pp6_iter30                         |    1|   0|    1|          0|
    |ap_enable_reg_pp6_iter31                         |    1|   0|    1|          0|
    |ap_enable_reg_pp6_iter32                         |    1|   0|    1|          0|
    |ap_enable_reg_pp6_iter33                         |    1|   0|    1|          0|
    |ap_enable_reg_pp6_iter34                         |    1|   0|    1|          0|
    |ap_enable_reg_pp6_iter35                         |    1|   0|    1|          0|
    |ap_enable_reg_pp6_iter36                         |    1|   0|    1|          0|
    |ap_enable_reg_pp6_iter37                         |    1|   0|    1|          0|
    |ap_enable_reg_pp6_iter38                         |    1|   0|    1|          0|
    |ap_enable_reg_pp6_iter4                          |    1|   0|    1|          0|
    |ap_enable_reg_pp6_iter5                          |    1|   0|    1|          0|
    |ap_enable_reg_pp6_iter6                          |    1|   0|    1|          0|
    |ap_enable_reg_pp6_iter7                          |    1|   0|    1|          0|
    |ap_enable_reg_pp6_iter8                          |    1|   0|    1|          0|
    |ap_enable_reg_pp6_iter9                          |    1|   0|    1|          0|
    |empty_121_reg_5352                               |   26|   0|   26|          0|
    |empty_128_reg_6655                               |   26|   0|   26|          0|
    |gmem_addr_1_read_reg_5347                        |  512|   0|  512|          0|
    |gmem_addr_2_read_reg_6650                        |  512|   0|  512|          0|
    |gmem_addr_2_reg_6643                             |   64|   0|   64|          0|
    |gmem_addr_read_reg_5088                          |  512|   0|  512|          0|
    |h_1_reg_1141                                     |    7|   0|    7|          0|
    |h_2_reg_1308                                     |    6|   0|    6|          0|
    |h_3_reg_1230                                     |    7|   0|    7|          0|
    |h_4_reg_1196                                     |    7|   0|    7|          0|
    |h_5_reg_1263                                     |    6|   0|    6|          0|
    |h_reg_1087                                       |    7|   0|    7|          0|
    |hh_reg_1029                                      |    8|   0|    8|          0|
    |i_1_reg_1285                                     |    9|   0|    9|          0|
    |i_reg_1119                                       |    9|   0|    9|          0|
    |icmp_ln125_reg_5098                              |    1|   0|    1|          0|
    |icmp_ln1494_2_reg_6523                           |    1|   0|    1|          0|
    |icmp_ln171_reg_5299                              |    1|   0|    1|          0|
    |icmp_ln197_reg_6551                              |    1|   0|    1|          0|
    |icmp_ln209_reg_6665                              |    1|   0|    1|          0|
    |icmp_ln31_reg_5146                               |    1|   0|    1|          0|
    |icmp_ln53_reg_5443                               |    1|   0|    1|          0|
    |icmp_ln54_reg_5452                               |    1|   0|    1|          0|
    |icmp_ln67_reg_6425                               |    1|   0|    1|          0|
    |icmp_ln75_reg_6453                               |    1|   0|    1|          0|
    |icmp_ln75_reg_6453_pp5_iter1_reg                 |    1|   0|    1|          0|
    |idx_1_reg_1098                                   |   64|   0|   64|          0|
    |idx_3_reg_1320                                   |   64|   0|   64|          0|
    |idx_reg_984                                      |   15|   0|   15|          0|
    |indvar452_reg_1041                               |    2|   0|    2|          0|
    |indvar_flatten126_reg_1163                       |   22|   0|   22|          0|
    |indvar_flatten133_reg_1219                       |   14|   0|   14|          0|
    |indvar_flatten146_reg_1252                       |   12|   0|   12|          0|
    |indvar_flatten155_reg_1297                       |   14|   0|   14|          0|
    |indvar_flatten169_reg_1007                       |    3|   0|    3|          0|
    |indvar_flatten53_reg_1130                        |   14|   0|   14|          0|
    |indvar_flatten71_reg_1185                        |   14|   0|   14|          0|
    |indvar_flatten_reg_1065                          |   15|   0|   15|          0|
    |indvar_reg_1018                                  |    2|   0|    2|          0|
    |input_V_load_11_reg_5890                         |    8|   0|    8|          0|
    |input_V_load_13_reg_5935                         |    8|   0|    8|          0|
    |input_V_load_14_reg_5975                         |    8|   0|    8|          0|
    |input_V_load_15_reg_5980                         |    8|   0|    8|          0|
    |input_V_load_16_reg_6030                         |    8|   0|    8|          0|
    |input_V_load_17_reg_6035                         |    8|   0|    8|          0|
    |input_V_load_18_reg_6070                         |    8|   0|    8|          0|
    |input_V_load_9_reg_5845                          |    8|   0|    8|          0|
    |item_2_reg_1108                                  |    7|   0|    7|          0|
    |item_3_reg_1330                                  |    7|   0|    7|          0|
    |item_reg_996                                     |    7|   0|    7|          0|
    |j_1_reg_1174                                     |    9|   0|    9|          0|
    |j_reg_1076                                       |    9|   0|    9|          0|
    |mul_ln1118_25_reg_5485                           |   16|   0|   16|          0|
    |mul_ln1118_26_reg_5581                           |   22|   0|   22|          0|
    |mul_ln1118_27_reg_5588                           |   22|   0|   22|          0|
    |mul_ln1118_28_reg_5643                           |   22|   0|   22|          0|
    |mul_ln1118_29_reg_5652                           |   22|   0|   22|          0|
    |mul_ln1118_29_reg_5652_pp3_iter1_reg             |   22|   0|   22|          0|
    |mul_ln163_reg_5247                               |   24|   0|   24|          0|
    |mul_ln164_reg_5303                               |   22|   0|   22|          0|
    |mul_ln166_reg_5241                               |   15|   0|   15|          0|
    |p_Repl2_s_reg_6698                               |    8|   0|    8|          0|
    |p_Val2_2_reg_1341                                |  512|   0|  512|          0|
    |p_cast_reg_5414                                  |    6|   0|    6|          0|
    |real_index_reg_5107                              |   21|   0|   21|          0|
    |reg_1388                                         |    8|   0|    8|          0|
    |reg_1393                                         |    8|   0|    8|          0|
    |reg_1398                                         |    8|   0|    8|          0|
    |reg_1403                                         |    8|   0|    8|          0|
    |reg_1408                                         |    8|   0|    8|          0|
    |reg_1413                                         |    8|   0|    8|          0|
    |reg_1418                                         |    8|   0|    8|          0|
    |select_ln163_1_reg_5216                          |    9|   0|    9|          0|
    |select_ln163_reg_5209                            |    7|   0|    7|          0|
    |select_ln196_1_reg_6568                          |    9|   0|    9|          0|
    |select_ln196_reg_6580                            |    6|   0|    6|          0|
    |select_ln28_1_reg_5164                           |    8|   0|    8|          0|
    |select_ln28_2_reg_5153                           |    2|   0|    2|          0|
    |select_ln28_3_reg_5170                           |    8|   0|    8|          0|
    |select_ln28_reg_5159                             |    2|   0|    2|          0|
    |select_ln32_reg_6503                             |   17|   0|   17|          0|
    |select_ln53_1_reg_5473                           |    9|   0|    9|          0|
    |select_ln53_reg_5463                             |    7|   0|    7|          0|
    |select_ln54_1_reg_5508                           |    7|   0|    7|          0|
    |select_ln54_6_reg_5985                           |   14|   0|   14|          0|
    |select_ln54_cast646_reg_5597                     |    7|   0|   22|         15|
    |select_ln54_cast646_reg_5597_pp3_iter1_reg       |    7|   0|   22|         15|
    |select_ln54_reg_5499                             |    7|   0|    7|          0|
    |select_ln67_1_reg_6434                           |    7|   0|    7|          0|
    |select_ln75_1_reg_6469                           |    6|   0|    6|          0|
    |select_ln75_1_reg_6469_pp5_iter1_reg             |    6|   0|    6|          0|
    |select_ln75_reg_6462                             |    6|   0|    6|          0|
    |select_ln75_reg_6462_pp5_iter1_reg               |    6|   0|    6|          0|
    |sext_ln1116_reg_5404                             |   14|   0|   17|          3|
    |sext_ln166_1_reg_5196                            |   25|   0|   25|          0|
    |sext_ln166_reg_5191                              |   24|   0|   24|          0|
    |sext_ln176_reg_5357                              |   27|   0|   33|          6|
    |sext_ln200_reg_6610                              |   33|   0|   33|          0|
    |sext_ln201_reg_6615                              |   33|   0|   33|          0|
    |sext_ln209_reg_6660                              |   27|   0|   33|          6|
    |start_reg_5289                                   |   18|   0|   18|          0|
    |sub_ln171_reg_5273                               |   27|   0|   27|          0|
    |sub_ln214_2_reg_6605                             |   17|   0|   20|          3|
    |tmp_11_reg_6595                                  |    1|   0|    1|          0|
    |tmp_1_reg_5093                                   |   15|   0|   21|          6|
    |tmp_23_reg_6060                                  |   17|   0|   17|          0|
    |tmp_2_reg_5123                                   |   17|   0|   17|          0|
    |tmp_35_reg_6305                                  |   17|   0|   17|          0|
    |tmp_3_reg_5128                                   |   17|   0|   17|          0|
    |tmp_49_reg_6518                                  |    8|   0|    8|          0|
    |tmp_50_reg_6528                                  |    8|   0|    8|          0|
    |trunc_ln1116_reg_5548                            |   21|   0|   21|          0|
    |trunc_ln1116_reg_5548_pp3_iter1_reg              |   21|   0|   21|          0|
    |trunc_ln133_reg_5113                             |    6|   0|    6|          0|
    |trunc_ln166_1_reg_5262                           |   19|   0|   19|          0|
    |trunc_ln178_reg_5371                             |    6|   0|    6|          0|
    |trunc_ln199_1_reg_6538                           |   22|   0|   22|          0|
    |trunc_ln1_reg_5118                               |   19|   0|   19|          0|
    |trunc_ln201_2_reg_6600                           |   17|   0|   17|          0|
    |trunc_ln211_reg_6674                             |    6|   0|    6|          0|
    |trunc_ln2_reg_5257                               |   18|   0|   18|          0|
    |trunc_ln4_reg_5294                               |   18|   0|   18|          0|
    |trunc_ln9_reg_6633                               |   58|   0|   58|          0|
    |w_1_reg_1208                                     |    7|   0|    7|          0|
    |w_2_reg_1241                                     |    7|   0|    7|          0|
    |w_3_reg_5385                                     |    8|   0|    8|          0|
    |w_4_reg_6688                                     |    7|   0|    7|          0|
    |w_5_reg_1274                                     |    6|   0|    6|          0|
    |w_reg_1152                                       |    7|   0|    7|          0|
    |weight_V_load_10_reg_5855                        |    8|   0|    8|          0|
    |weight_V_load_12_reg_5900                        |    8|   0|    8|          0|
    |weight_V_load_13_reg_5940                        |    8|   0|    8|          0|
    |weight_V_load_14_reg_5945                        |    8|   0|    8|          0|
    |weight_V_load_15_reg_5995                        |    8|   0|    8|          0|
    |weight_V_load_16_reg_6000                        |    8|   0|    8|          0|
    |weight_V_load_17_reg_6045                        |    8|   0|    8|          0|
    |weight_V_load_18_reg_6050                        |    8|   0|    8|          0|
    |weight_V_load_19_reg_6080                        |    8|   0|    8|          0|
    |weight_V_load_8_reg_5810                         |    8|   0|    8|          0|
    |wide_trip_count413_cast_cast_cast_cast_reg_6625  |   32|   0|   64|         32|
    |wide_trip_count6_reg_5334                        |   18|   0|   64|         46|
    |ww_reg_1053                                      |    8|   0|    8|          0|
    |zext_ln1118_35_reg_5615                          |    7|   0|   22|         15|
    |zext_ln1118_35_reg_5615_pp3_iter1_reg            |    7|   0|   22|         15|
    |zext_ln1118_41_reg_5666                          |    7|   0|   22|         15|
    |zext_ln1118_41_reg_5666_pp3_iter1_reg            |    7|   0|   22|         15|
    |zext_ln1118_47_reg_5679                          |    7|   0|   22|         15|
    |zext_ln1118_47_reg_5679_pp3_iter1_reg            |    7|   0|   22|         15|
    |zext_ln1118_53_reg_5722                          |    7|   0|   22|         15|
    |zext_ln163_2_reg_5186                            |    7|   0|    9|          2|
    |zext_ln167_reg_5313                              |   24|   0|   33|          9|
    |zext_ln196_reg_5420                              |    6|   0|    8|          2|
    |zext_ln28_2_reg_5176                             |    6|   0|    7|          1|
    |zext_ln31_reg_5181                               |    8|   0|   16|          8|
    |zext_ln37_reg_5409                               |    9|   0|   18|          9|
    |C_V_addr_2_reg_5523                              |   64|  32|   14|          0|
    |and_ln179_reg_5376                               |   64|  32|    1|          0|
    |and_ln212_reg_6679                               |   64|  32|    1|          0|
    |icmp_ln125_reg_5098                              |   64|  32|    1|          0|
    |icmp_ln209_reg_6665                              |   64|  32|    1|          0|
    |icmp_ln53_reg_5443                               |   64|  32|    1|          0|
    |tmp_2_reg_5123                                   |   64|  32|   17|          0|
    |tmp_3_reg_5128                                   |   64|  32|   17|          0|
    |trunc_ln133_reg_5113                             |   64|  32|    6|          0|
    |trunc_ln178_reg_5371                             |   64|  32|    6|          0|
    |trunc_ln211_reg_6674                             |   64|  32|    6|          0|
    +-------------------------------------------------+-----+----+-----+-----------+
    |Total                                            | 5642| 352| 5288|        279|
    +-------------------------------------------------+-----+----+-----+-----------+



================================================================
== Interface
================================================================
* Summary: 
+---------------------+-----+-----+------------+--------------------+--------------+
|      RTL Ports      | Dir | Bits|  Protocol  |    Source Object   |    C Type    |
+---------------------+-----+-----+------------+--------------------+--------------+
|ap_clk               |  in |    1| ap_ctrl_hs | CnnKernel_YourCode | return value |
|ap_rst               |  in |    1| ap_ctrl_hs | CnnKernel_YourCode | return value |
|ap_start             |  in |    1| ap_ctrl_hs | CnnKernel_YourCode | return value |
|ap_done              | out |    1| ap_ctrl_hs | CnnKernel_YourCode | return value |
|ap_idle              | out |    1| ap_ctrl_hs | CnnKernel_YourCode | return value |
|ap_ready             | out |    1| ap_ctrl_hs | CnnKernel_YourCode | return value |
|m_axi_gmem_AWVALID   | out |    1|    m_axi   |        gmem        |    pointer   |
|m_axi_gmem_AWREADY   |  in |    1|    m_axi   |        gmem        |    pointer   |
|m_axi_gmem_AWADDR    | out |   64|    m_axi   |        gmem        |    pointer   |
|m_axi_gmem_AWID      | out |    1|    m_axi   |        gmem        |    pointer   |
|m_axi_gmem_AWLEN     | out |   32|    m_axi   |        gmem        |    pointer   |
|m_axi_gmem_AWSIZE    | out |    3|    m_axi   |        gmem        |    pointer   |
|m_axi_gmem_AWBURST   | out |    2|    m_axi   |        gmem        |    pointer   |
|m_axi_gmem_AWLOCK    | out |    2|    m_axi   |        gmem        |    pointer   |
|m_axi_gmem_AWCACHE   | out |    4|    m_axi   |        gmem        |    pointer   |
|m_axi_gmem_AWPROT    | out |    3|    m_axi   |        gmem        |    pointer   |
|m_axi_gmem_AWQOS     | out |    4|    m_axi   |        gmem        |    pointer   |
|m_axi_gmem_AWREGION  | out |    4|    m_axi   |        gmem        |    pointer   |
|m_axi_gmem_AWUSER    | out |    1|    m_axi   |        gmem        |    pointer   |
|m_axi_gmem_WVALID    | out |    1|    m_axi   |        gmem        |    pointer   |
|m_axi_gmem_WREADY    |  in |    1|    m_axi   |        gmem        |    pointer   |
|m_axi_gmem_WDATA     | out |  512|    m_axi   |        gmem        |    pointer   |
|m_axi_gmem_WSTRB     | out |   64|    m_axi   |        gmem        |    pointer   |
|m_axi_gmem_WLAST     | out |    1|    m_axi   |        gmem        |    pointer   |
|m_axi_gmem_WID       | out |    1|    m_axi   |        gmem        |    pointer   |
|m_axi_gmem_WUSER     | out |    1|    m_axi   |        gmem        |    pointer   |
|m_axi_gmem_ARVALID   | out |    1|    m_axi   |        gmem        |    pointer   |
|m_axi_gmem_ARREADY   |  in |    1|    m_axi   |        gmem        |    pointer   |
|m_axi_gmem_ARADDR    | out |   64|    m_axi   |        gmem        |    pointer   |
|m_axi_gmem_ARID      | out |    1|    m_axi   |        gmem        |    pointer   |
|m_axi_gmem_ARLEN     | out |   32|    m_axi   |        gmem        |    pointer   |
|m_axi_gmem_ARSIZE    | out |    3|    m_axi   |        gmem        |    pointer   |
|m_axi_gmem_ARBURST   | out |    2|    m_axi   |        gmem        |    pointer   |
|m_axi_gmem_ARLOCK    | out |    2|    m_axi   |        gmem        |    pointer   |
|m_axi_gmem_ARCACHE   | out |    4|    m_axi   |        gmem        |    pointer   |
|m_axi_gmem_ARPROT    | out |    3|    m_axi   |        gmem        |    pointer   |
|m_axi_gmem_ARQOS     | out |    4|    m_axi   |        gmem        |    pointer   |
|m_axi_gmem_ARREGION  | out |    4|    m_axi   |        gmem        |    pointer   |
|m_axi_gmem_ARUSER    | out |    1|    m_axi   |        gmem        |    pointer   |
|m_axi_gmem_RVALID    |  in |    1|    m_axi   |        gmem        |    pointer   |
|m_axi_gmem_RREADY    | out |    1|    m_axi   |        gmem        |    pointer   |
|m_axi_gmem_RDATA     |  in |  512|    m_axi   |        gmem        |    pointer   |
|m_axi_gmem_RLAST     |  in |    1|    m_axi   |        gmem        |    pointer   |
|m_axi_gmem_RID       |  in |    1|    m_axi   |        gmem        |    pointer   |
|m_axi_gmem_RUSER     |  in |    1|    m_axi   |        gmem        |    pointer   |
|m_axi_gmem_RRESP     |  in |    2|    m_axi   |        gmem        |    pointer   |
|m_axi_gmem_BVALID    |  in |    1|    m_axi   |        gmem        |    pointer   |
|m_axi_gmem_BREADY    | out |    1|    m_axi   |        gmem        |    pointer   |
|m_axi_gmem_BRESP     |  in |    2|    m_axi   |        gmem        |    pointer   |
|m_axi_gmem_BID       |  in |    1|    m_axi   |        gmem        |    pointer   |
|m_axi_gmem_BUSER     |  in |    1|    m_axi   |        gmem        |    pointer   |
|input_g              |  in |   64|   ap_none  |       input_g      |    scalar    |
|weight_g             |  in |   64|   ap_none  |      weight_g      |    scalar    |
|output_g             |  in |   64|   ap_none  |      output_g      |    scalar    |
+---------------------+-----+-----+------------+--------------------+--------------+

